>>> add_integer = __import__('0-add_integer').add_integer

>>> add_integer(1, 2)
3

>>> add_integer(2.5, 2)
4

>>> add_integer(2, 2.5)
4

>>> add_integer(1, -2)
-1

>>> add_integer(1.4 , 2)
3

>>> add_integer(2, -4)
-2

>>> add_integer(-4)
94

>>> add_integer(2)
100

>>> add_integer("Python", 2)
Traceback (most recent call last):
...
TypeError: a must be an integer

>>> add_integer(5, "Python")
Traceback (most recent call last):
...
TypeError: b must be an integer

>>> add_integer("hello", "Python")
Traceback (most recent call last):
...
TypeError: a must be an integer

>>> add_integer(None)
Traceback (most recent call last):
...
TypeError: a must be an integer

>>> add_integer(1, "2")
Traceback (most recent call last):
...
TypeError: b must be an integer

>>> add_integer(float("inf"));
Traceback (most recent call last):
...
OverflowError: cannot convert float infinity to integer

>>> add_integer(float("NaN"));
Traceback (most recent call last):
...
ValueError: cannot convert float NaN to integer